// Jest Snapshot v1, https://goo.gl/fbAQLP

exports[`fetchRecipes Saga should call the fetchError action if the response errors 1`] = `
Object {
  "@@redux-saga/IO": true,
  "CALL": Object {
    "args": Array [
      "foo",
    ],
    "context": null,
    "fn": [Function],
  },
}
`;

exports[`fetchRecipes Saga should dispatch the fetchSuccess action if it requests the data successfully 1`] = `
Object {
  "@@redux-saga/IO": true,
  "CALL": Object {
    "args": Array [
      "foo",
    ],
    "context": null,
    "fn": [Function],
  },
}
`;
